// Jest Snapshot v1, https://goo.gl/fbAQLP

exports[`renders correctly 1`] = `
<span
  className="SVGInline VisualstudioPlain"
  dangerouslySetInnerHTML={
    Object {
      "__html": "<svg class=\\"SVGInline-devicon VisualstudioPlain-devicon\\" xmlns=\\"http://www.w3.org/2000/svg\\" viewBox=\\"0 0 128 128\\"><defs><style>.a{fill:#68217a}</style></defs><title>visualstudio-plain</title><path class=\\"a\\" d=\\"M95 2.3l30.5 12.3v98.7l-30.7 12.4-49-48.7-31 24.1-12.3-6.2V33.1l12.3-5.9 31 24.3zM14.8 45.7v37.5l18.5-19zm48.1 18.5l31.9 25.1V39z\\"/></svg>",
    }
  }
/>
`;
